
> rs-aero-fkt@0.1.0 dev:local
> DATABASE_URL="postgresql://mthirumalai@localhost:5432/rsaerofkt" next dev -p 3000 -p 3000

 ⨯ Failed to start server
Error: listen EADDRINUSE: address already in use :::3000
    at Server.setupListenHandle [as _listen2] (node:net:1908:16)
    at listenInCluster (node:net:1965:12)
    at Server.listen (node:net:2067:7)
    at /Users/mthirumalai/dev/fkt/rs-aero-fkt/node_modules/next/dist/server/lib/start-server.js:280:16
    at new Promise (<anonymous>)
    at startServer (/Users/mthirumalai/dev/fkt/rs-aero-fkt/node_modules/next/dist/server/lib/start-server.js:191:11)
    at /Users/mthirumalai/dev/fkt/rs-aero-fkt/node_modules/next/dist/server/lib/start-server.js:310:52
    at Span.traceAsyncFn (/Users/mthirumalai/dev/fkt/rs-aero-fkt/node_modules/next/dist/trace/trace.js:154:26)
    at process.<anonymous> (/Users/mthirumalai/dev/fkt/rs-aero-fkt/node_modules/next/dist/server/lib/start-server.js:310:35)
    at process.emit (node:events:524:28) {
  code: 'EADDRINUSE',
  errno: -48,
  syscall: 'listen',
  address: '::',
  port: 3000
}
[?25h
